Timed out waiting for complete branch/layer IPC workflows. Primary: {"branch_count":1,"branch_created":null,"layer_changed":null,"layer_count":1,"operation":"snapshot_current","revision":1,"succeeded":true,"window":"primary"}
{"branch_count":1,"branch_created":null,"layer_changed":null,"layer_count":1,"operation":"snapshot_current","revision":1,"succeeded":true,"window":"primary"}
{"branch_count":1,"branch_created":null,"layer_changed":null,"layer_count":1,"operation":"snapshot_current","revision":1,"succeeded":true,"window":"primary"}
{"branch_count":1,"branch_created":null,"layer_changed":null,"layer_count":1,"operation":"snapshot_current","revision":1,"succeeded":true,"window":"primary"}
{"branch_count":1,"branch_created":null,"layer_changed":null,"layer_count":1,"operation":"snapshot_current","revision":1,"succeeded":true,"window":"primary"}
{"branch_count":1,"branch_created":null,"layer_changed":null,"layer_count":1,"operation":"snapshot_current","revision":1,"succeeded":true,"window":"primary"}
{"branch_count":1,"branch_created":null,"layer_changed":null,"layer_count":1,"operation":"snapshot_current","revision":2,"succeeded":true,"window":"primary"}
{"branch_count":1,"branch_created":null,"layer_changed":null,"layer_count":1,"operation":"snapshot_current","revision":2,"succeeded":true,"window":"primary"}
{"branch_count":1,"branch_created":null,"layer_changed":null,"layer_count":1,"operation":"snapshot_current","revision":2,"succeeded":true,"window":"primary"}
{"branch_count":1,"branch_created":null,"layer_changed":null,"layer_count":1,"operation":"snapshot_current","revision":14,"succeeded":true,"window":"primary"}
{"branch_count":1,"branch_created":null,"layer_changed":null,"layer_count":1,"operation":"snapshot_current","revision":14,"succeeded":true,"window":"primary"}
{"branch_count":1,"branch_created":null,"layer_changed":null,"layer_count":1,"operation":"snapshot_current","revision":14,"succeeded":true,"window":"primary"}
{"branch_count":1,"branch_created":null,"layer_changed":null,"layer_count":1,"operation":"snapshot_current","revision":15,"succeeded":true,"window":"primary"}
{"branch_count":1,"branch_created":null,"layer_changed":null,"layer_count":1,"operation":"snapshot_current","revision":15,"succeeded":true,"window":"primary"}
{"branch_count":1,"branch_created":null,"layer_changed":null,"layer_count":1,"operation":"snapshot_current","revision":15,"succeeded":true,"window":"primary"}
{"branch_count":1,"branch_created":null,"layer_changed":null,"layer_count":1,"operation":"snapshot_current","revision":16,"succeeded":true,"window":"primary"}
{"branch_count":1,"branch_created":null,"layer_changed":null,"layer_count":1,"operation":"snapshot_current","revision":16,"succeeded":true,"window":"primary"}
{"branch_count":1,"branch_created":null,"layer_changed":null,"layer_count":1,"operation":"snapshot_current","revision":16,"succeeded":true,"window":"primary"}
{"branch_count":1,"branch_created":null,"layer_changed":null,"layer_count":1,"operation":"snapshot_current","revision":16,"succeeded":true,"window":"primary"}
{"branch_count":null,"branch_created":true,"layer_changed":false,"layer_count":null,"operation":"create_child","revision":17,"succeeded":true,"window":"primary"}
{"branch_count":2,"branch_created":null,"layer_changed":null,"layer_count":1,"operation":"snapshot_current","revision":17,"succeeded":true,"window":"primary"}
{"branch_count":1,"branch_created":null,"layer_changed":null,"layer_count":1,"operation":"snapshot_explicit","revision":16,"succeeded":true,"window":"primary"}
{"branch_count":2,"branch_created":null,"layer_changed":null,"layer_count":1,"operation":"snapshot_current","revision":17,"succeeded":true,"window":"primary"}
{"branch_count":2,"branch_created":null,"layer_changed":null,"layer_count":1,"operation":"snapshot_current","revision":17,"succeeded":true,"window":"primary"}
{"branch_count":2,"branch_created":null,"layer_changed":null,"layer_count":1,"operation":"snapshot_current","revision":17,"succeeded":true,"window":"primary"}
{"branch_count":null,"branch_created":false,"layer_changed":true,"layer_count":null,"operation":"create_layer","revision":18,"succeeded":true,"window":"primary"}
{"branch_count":2,"branch_created":null,"layer_changed":null,"layer_count":2,"operation":"snapshot_current","revision":18,"succeeded":true,"window":"primary"}
{"branch_count":2,"branch_created":null,"layer_changed":null,"layer_count":2,"operation":"snapshot_current","revision":18,"succeeded":true,"window":"primary"}
{"branch_count":2,"branch_created":null,"layer_changed":null,"layer_count":2,"operation":"snapshot_current","revision":18,"succeeded":true,"window":"primary"}
{"branch_count":2,"branch_created":null,"layer_changed":null,"layer_count":2,"operation":"snapshot_current","revision":18,"succeeded":true,"window":"primary"}
{"branch_count":null,"branch_created":false,"layer_changed":true,"layer_count":null,"operation":"revise_layer","revision":19,"succeeded":true,"window":"primary"}
{"branch_count":2,"branch_created":null,"layer_changed":null,"layer_count":2,"operation":"snapshot_current","revision":19,"succeeded":true,"window":"primary"}
{"branch_count":2,"branch_created":null,"layer_changed":null,"layer_count":2,"operation":"snapshot_explicit","revision":18,"succeeded":true,"window":"primary"}
{"branch_count":2,"branch_created":null,"layer_changed":null,"layer_count":2,"operation":"snapshot_current","revision":19,"succeeded":true,"window":"primary"}
{"branch_count":2,"branch_created":null,"layer_changed":null,"layer_count":2,"operation":"snapshot_current","revision":19,"succeeded":true,"window":"primary"}
{"branch_count":2,"branch_created":null,"layer_changed":null,"layer_count":2,"operation":"snapshot_current","revision":19,"succeeded":true,"window":"primary"}
{"branch_count":null,"branch_created":null,"layer_changed":null,"layer_count":null,"operation":"create_child","revision":null,"succeeded":false,"window":"primary"}
 Secondary: {"branch_count":1,"branch_created":null,"layer_changed":null,"layer_count":1,"operation":"snapshot_current","revision":1,"succeeded":true,"window":"secondary"}
{"branch_count":1,"branch_created":null,"layer_changed":null,"layer_count":1,"operation":"snapshot_current","revision":1,"succeeded":true,"window":"secondary"}
{"branch_count":1,"branch_created":null,"layer_changed":null,"layer_count":1,"operation":"snapshot_current","revision":1,"succeeded":true,"window":"secondary"}
{"branch_count":1,"branch_created":null,"layer_changed":null,"layer_count":1,"operation":"snapshot_current","revision":1,"succeeded":true,"window":"secondary"}
{"branch_count":1,"branch_created":null,"layer_changed":null,"layer_count":1,"operation":"snapshot_current","revision":1,"succeeded":true,"window":"secondary"}
{"branch_count":1,"branch_created":null,"layer_changed":null,"layer_count":1,"operation":"snapshot_current","revision":1,"succeeded":true,"window":"secondary"}
{"branch_count":1,"branch_created":null,"layer_changed":null,"layer_count":1,"operation":"snapshot_current","revision":2,"succeeded":true,"window":"secondary"}
{"branch_count":1,"branch_created":null,"layer_changed":null,"layer_count":1,"operation":"snapshot_current","revision":2,"succeeded":true,"window":"secondary"}
{"branch_count":1,"branch_created":null,"layer_changed":null,"layer_count":1,"operation":"snapshot_current","revision":2,"succeeded":true,"window":"secondary"}
{"branch_count":1,"branch_created":null,"layer_changed":null,"layer_count":1,"operation":"snapshot_current","revision":14,"succeeded":true,"window":"secondary"}
{"branch_count":1,"branch_created":null,"layer_changed":null,"layer_count":1,"operation":"snapshot_current","revision":14,"succeeded":true,"window":"secondary"}
{"branch_count":1,"branch_created":null,"layer_changed":null,"layer_count":1,"operation":"snapshot_current","revision":14,"succeeded":true,"window":"secondary"}
{"branch_count":1,"branch_created":null,"layer_changed":null,"layer_count":1,"operation":"snapshot_current","revision":15,"succeeded":true,"window":"secondary"}
{"branch_count":1,"branch_created":null,"layer_changed":null,"layer_count":1,"operation":"snapshot_current","revision":15,"succeeded":true,"window":"secondary"}
{"branch_count":1,"branch_created":null,"layer_changed":null,"layer_count":1,"operation":"snapshot_current","revision":15,"succeeded":true,"window":"secondary"}
{"branch_count":1,"branch_created":null,"layer_changed":null,"layer_count":1,"operation":"snapshot_current","revision":16,"succeeded":true,"window":"secondary"}
{"branch_count":1,"branch_created":null,"layer_changed":null,"layer_count":1,"operation":"snapshot_current","revision":16,"succeeded":true,"window":"secondary"}
{"branch_count":1,"branch_created":null,"layer_changed":null,"layer_count":1,"operation":"snapshot_current","revision":16,"succeeded":true,"window":"secondary"}
{"branch_count":2,"branch_created":null,"layer_changed":null,"layer_count":1,"operation":"snapshot_current","revision":17,"succeeded":true,"window":"secondary"}
{"branch_count":2,"branch_created":null,"layer_changed":null,"layer_count":1,"operation":"snapshot_current","revision":17,"succeeded":true,"window":"secondary"}
{"branch_count":2,"branch_created":null,"layer_changed":null,"layer_count":1,"operation":"snapshot_current","revision":17,"succeeded":true,"window":"secondary"}
{"branch_count":2,"branch_created":null,"layer_changed":null,"layer_count":2,"operation":"snapshot_current","revision":19,"succeeded":true,"window":"secondary"}
{"branch_count":2,"branch_created":null,"layer_changed":null,"layer_count":2,"operation":"snapshot_current","revision":19,"succeeded":true,"window":"secondary"}
{"branch_count":2,"branch_created":null,"layer_changed":null,"layer_count":2,"operation":"snapshot_current","revision":19,"succeeded":true,"window":"secondary"}
{"branch_count":2,"branch_created":null,"layer_changed":null,"layer_count":2,"operation":"snapshot_current","revision":19,"succeeded":true,"window":"secondary"}
